tsconfig.json(18,27): error TS5103: Invalid value for '--ignoreDeprecations'.
